HTTP/1.1 200 OK
Server: nginx
Content-Type: image/gif
Transfer-Encoding: chunked
Connection: keep-alive
X-Content-Length-Original: 1429302
Content-Lenght: 590368

