HTTP/1.1 200 OK
Server: nginx
Content-Type: image/jpeg
Transfer-Encoding: chunked
Connection: keep-alive
X-Content-Length-Original: 1367120
Content-Lenght: 14575

